Flow report for UNIT_FINAL
Thu Nov 23 08:11:24 2023
Quartus II 64-Bit Version 13.0.1 Build 232 06/12/2013 Service Pack 1 SJ Full Version


---------------------
; Table of Contents ;
---------------------
  1. Legal Notice
  2. Flow Summary
  3. Flow Settings
  4. Flow Non-Default Global Settings
  5. Flow Elapsed Time
  6. Flow OS Summary
  7. Flow Log
  8. Flow Messages
  9. Flow Suppressed Messages



----------------
; Legal Notice ;
----------------
Copyright (C) 1991-2013 Altera Corporation
Your use of Altera Corporation's design tools, logic functions 
and other software and tools, and its AMPP partner logic 
functions, and any output files from any of the foregoing 
(including device programming or simulation files), and any 
associated documentation or information are expressly subject 
to the terms and conditions of the Altera Program License 
Subscription Agreement, Altera MegaCore Function License 
Agreement, or other applicable license agreement, including, 
without limitation, that your use is for the sole purpose of 
programming logic devices manufactured by Altera and sold by 
Altera or its authorized distributors.  Please refer to the 
applicable agreement for further details.



+------------------------------------------------------------------------------+
; Flow Summary                                                                 ;
+---------------------------+--------------------------------------------------+
; Flow Status               ; Successful - Thu Nov 23 08:11:24 2023            ;
; Quartus II 64-Bit Version ; 13.0.1 Build 232 06/12/2013 SP 1 SJ Full Version ;
; Revision Name             ; UNIT_FINAL                                       ;
; Top-level Entity Name     ; UNIT_FINAL                                       ;
; Family                    ; MAX II                                           ;
; Device                    ; EPM1270T144I5                                    ;
; Timing Models             ; Final                                            ;
; Total logic elements      ; 1,014 / 1,270 ( 80 % )                           ;
; Total pins                ; 33 / 116 ( 28 % )                                ;
; Total virtual pins        ; 0                                                ;
; UFM blocks                ; 0 / 1 ( 0 % )                                    ;
+---------------------------+--------------------------------------------------+


+-----------------------------------------+
; Flow Settings                           ;
+-------------------+---------------------+
; Option            ; Setting             ;
+-------------------+---------------------+
; Start date & time ; 11/23/2023 08:11:17 ;
; Main task         ; Compilation         ;
; Revision Name     ; UNIT_FINAL          ;
+-------------------+---------------------+


+-------------------------------------------------------------------------------------------------------------------------------------------------------------------+
; Flow Non-Default Global Settings                                                                                                                                  ;
+------------------------------------------------+-------------------------------------------------------------------+---------------+-------------+----------------+
; Assignment Name                                ; Value                                                             ; Default Value ; Entity Name ; Section Id     ;
+------------------------------------------------+-------------------------------------------------------------------+---------------+-------------+----------------+
; COMPILER_SIGNATURE_ID                          ; 115287452290268.170069827701556                                   ; --            ; --          ; --             ;
; DA_CUSTOM_RULE_FILE                            ; D:/STUDY/chenhui_tanliang/7820H182_111020_1/db/UNIT_FINAL.cbx.xml ; --            ; --          ; --             ;
; EDA_DESIGN_INSTANCE_NAME                       ; NA                                                                ; --            ; --          ; tb_pwm         ;
; EDA_NATIVELINK_SIMULATION_TEST_BENCH           ; tb_pwm                                                            ; --            ; --          ; eda_simulation ;
; EDA_OUTPUT_DATA_FORMAT                         ; Verilog Hdl                                                       ; --            ; --          ; eda_simulation ;
; EDA_SIMULATION_TOOL                            ; ModelSim (Verilog)                                                ; <None>        ; --          ; --             ;
; EDA_TEST_BENCH_ENABLE_STATUS                   ; TEST_BENCH_MODE                                                   ; --            ; --          ; eda_simulation ;
; EDA_TEST_BENCH_FILE                            ; tb_pwm.v                                                          ; --            ; --          ; tb_pwm         ;
; EDA_TEST_BENCH_MODULE_NAME                     ; tb_pwm                                                            ; --            ; --          ; tb_pwm         ;
; EDA_TEST_BENCH_NAME                            ; tb_pwm                                                            ; --            ; --          ; eda_simulation ;
; EDA_TEST_BENCH_RUN_SIM_FOR                     ; 1 us                                                              ; --            ; --          ; tb_pwm         ;
; EDA_TIME_SCALE                                 ; 1 ps                                                              ; --            ; --          ; eda_simulation ;
; EDA_USER_COMPILED_SIMULATION_LIBRARY_DIRECTORY ; D:\cpldworks\7820H182_111020_1\7820H182_111020_1\sim              ; --            ; --          ; eda_simulation ;
; MAX_CORE_JUNCTION_TEMP                         ; 100                                                               ; --            ; --          ; --             ;
; MIN_CORE_JUNCTION_TEMP                         ; -40                                                               ; --            ; --          ; --             ;
; POWER_EXT_SUPPLY_VOLTAGE_TO_REGULATOR          ; 3.3V                                                              ; --            ; --          ; --             ;
; POWER_PRESET_COOLING_SOLUTION                  ; No Heat Sink With Still Air                                       ; --            ; --          ; --             ;
; USE_GENERATED_PHYSICAL_CONSTRAINTS             ; Off                                                               ; --            ; --          ; eda_blast_fpga ;
+------------------------------------------------+-------------------------------------------------------------------+---------------+-------------+----------------+


+-------------------------------------------------------------------------------------------------------------------------------+
; Flow Elapsed Time                                                                                                             ;
+---------------------------+--------------+-------------------------+---------------------+------------------------------------+
; Module Name               ; Elapsed Time ; Average Processors Used ; Peak Virtual Memory ; Total CPU Time (on all processors) ;
+---------------------------+--------------+-------------------------+---------------------+------------------------------------+
; Analysis & Synthesis      ; 00:00:01     ; 1.0                     ; 4586 MB             ; 00:00:01                           ;
; Fitter                    ; 00:00:02     ; 7.5                     ; 5658 MB             ; 00:00:01                           ;
; Assembler                 ; 00:00:00     ; 1.0                     ; 4541 MB             ; 00:00:00                           ;
; TimeQuest Timing Analyzer ; 00:00:01     ; 1.0                     ; 4583 MB             ; 00:00:00                           ;
; EDA Netlist Writer        ; 00:00:00     ; 1.0                     ; 4511 MB             ; 00:00:00                           ;
; Total                     ; 00:00:04     ; --                      ; --                  ; 00:00:02                           ;
+---------------------------+--------------+-------------------------+---------------------+------------------------------------+


+----------------------------------------------------------------------------------------+
; Flow OS Summary                                                                        ;
+---------------------------+------------------+-----------+------------+----------------+
; Module Name               ; Machine Hostname ; OS Name   ; OS Version ; Processor type ;
+---------------------------+------------------+-----------+------------+----------------+
; Analysis & Synthesis      ; USER-20231120HK  ; Windows 7 ; 6.1        ; x86_64         ;
; Fitter                    ; USER-20231120HK  ; Windows 7 ; 6.1        ; x86_64         ;
; Assembler                 ; USER-20231120HK  ; Windows 7 ; 6.1        ; x86_64         ;
; TimeQuest Timing Analyzer ; USER-20231120HK  ; Windows 7 ; 6.1        ; x86_64         ;
; EDA Netlist Writer        ; USER-20231120HK  ; Windows 7 ; 6.1        ; x86_64         ;
+---------------------------+------------------+-----------+------------+----------------+


------------
; Flow Log ;
------------
quartus_map --read_settings_files=on --write_settings_files=off UNIT_FINAL -c UNIT_FINAL
quartus_fit --read_settings_files=off --write_settings_files=off UNIT_FINAL -c UNIT_FINAL
quartus_asm --read_settings_files=off --write_settings_files=off UNIT_FINAL -c UNIT_FINAL
quartus_sta UNIT_FINAL -c UNIT_FINAL
quartus_eda --read_settings_files=off --write_settings_files=off UNIT_FINAL -c UNIT_FINAL



